\BOOKMARK [0][-]{chapter*.1}{\376\377\000A\000c\000k\000n\000o\000w\000l\000e\000d\000g\000e\000m\000e\000n\000t\000s}{}% 1
\BOOKMARK [0][-]{chapter*.3}{\376\377\000A\000b\000s\000t\000r\000a\000c\000t}{}% 2
\BOOKMARK [0][-]{chapter.1}{\376\377\000I\000n\000t\000r\000o\000d\000u\000c\000t\000i\000o\000n}{}% 3
\BOOKMARK [1][-]{section.1.1}{\376\377\000M\000o\000t\000i\000v\000a\000t\000i\000o\000n}{chapter.1}% 4
\BOOKMARK [1][-]{section.1.2}{\376\377\000D\000e\000f\000i\000n\000i\000n\000g\000\040\000E\000n\000g\000a\000g\000e\000m\000e\000n\000t}{chapter.1}% 5
\BOOKMARK [1][-]{section.1.3}{\376\377\000E\000n\000g\000a\000g\000e\000m\000e\000n\000t\000\040\000i\000n\000\040\000H\000e\000a\000l\000t\000h\000\040\000C\000o\000m\000m\000u\000n\000i\000c\000a\000t\000i\000o\000n}{chapter.1}% 6
\BOOKMARK [1][-]{section.1.4}{\376\377\000R\000e\000s\000e\000a\000r\000c\000h\000\040\000G\000a\000p}{chapter.1}% 7
\BOOKMARK [1][-]{section.1.5}{\376\377\000R\000e\000s\000e\000a\000r\000c\000h\000\040\000Q\000u\000e\000s\000t\000i\000o\000n\000s}{chapter.1}% 8
\BOOKMARK [1][-]{section.1.6}{\376\377\000A\000p\000p\000r\000o\000a\000c\000h}{chapter.1}% 9
\BOOKMARK [1][-]{section.1.7}{\376\377\000C\000o\000n\000t\000r\000i\000b\000u\000t\000i\000o\000n\000s}{chapter.1}% 10
\BOOKMARK [1][-]{section.1.8}{\376\377\000T\000h\000e\000s\000i\000s\000\040\000S\000t\000r\000u\000c\000t\000u\000r\000e}{chapter.1}% 11
\BOOKMARK [0][-]{chapter.2}{\376\377\000L\000i\000t\000e\000r\000a\000t\000u\000r\000e\000\040\000a\000n\000d\000\040\000S\000t\000a\000t\000e\000\040\000o\000f\000\040\000t\000h\000e\000\040\000A\000r\000t}{}% 12
\BOOKMARK [1][-]{section.2.1}{\376\377\000A\000d\000j\000a\000c\000e\000n\000t\000\040\000s\000t\000u\000d\000i\000e\000s}{chapter.2}% 13
\BOOKMARK [1][-]{section.2.2}{\376\377\000L\000i\000b\000r\000a\000r\000i\000e\000s}{chapter.2}% 14
\BOOKMARK [1][-]{section.2.3}{\376\377\000D\000e\000f\000i\000n\000i\000n\000g\000\040\000E\000n\000g\000a\000g\000e\000m\000e\000n\000t\000:\000\040\000E\000x\000i\000s\000t\000i\000n\000g\000\040\000D\000e\000f\000i\000n\000i\000t\000i\000o\000n\000s\000\040\000a\000n\000d\000\040\000T\000h\000e\000i\000r\000\040\000G\000a\000p\000s}{chapter.2}% 15
\BOOKMARK [1][-]{section.2.4}{\376\377\000E\000n\000g\000a\000g\000e\000m\000e\000n\000t\000\040\000a\000n\000d\000\040\000A\000t\000t\000e\000n\000t\000i\000o\000n\000\040\000i\000n\000\040\000s\000h\000o\000r\000t\000-\000f\000o\000r\000m\000\040\000v\000i\000d\000e\000o\000\040\000p\000l\000a\000t\000f\000o\000r\000m\000s}{chapter.2}% 16
\BOOKMARK [1][-]{section.2.5}{\376\377\000S\000a\000m\000p\000l\000i\000n\000g\000\040\000B\000o\000u\000n\000d\000a\000r\000i\000e\000s\000\040\000i\000n\000\040\000E\000E\000G\000\040\000a\000n\000d\000\040\000p\000h\000y\000s\000i\000o\000l\000o\000g\000i\000c\000a\000l\000-\000s\000i\000g\000n\000a\000l\000\040\000c\000l\000a\000s\000s\000i\000f\000i\000c\000a\000t\000i\000o\000n}{chapter.2}% 17
\BOOKMARK [1][-]{section.2.6}{\376\377\000P\000a\000r\000a\000m\000e\000t\000e\000r\000\040\000C\000h\000o\000i\000c\000e\000\040\000i\000n\000\040\000E\000E\000G\000-\000c\000l\000a\000s\000s\000i\000f\000i\000c\000a\000t\000i\000o\000n}{chapter.2}% 18
\BOOKMARK [1][-]{section.2.7}{\376\377\000S\000a\000m\000p\000l\000i\000n\000g\000\040\000B\000o\000u\000n\000d\000a\000r\000i\000e\000s\000\040\000i\000n\000\040\000E\000E\000G\000\040\000a\000n\000d\000\040\000P\000h\000y\000s\000i\000o\000l\000o\000g\000i\000c\000a\000l\000-\000S\000i\000g\000n\000a\000l\000\040\000C\000l\000a\000s\000s\000i\000f\000i\000c\000a\000t\000i\000o\000n}{chapter.2}% 19
\BOOKMARK [1][-]{section.2.8}{\376\377\000S\000e\000n\000s\000i\000t\000i\000v\000i\000t\000y\000\040\000t\000o\000\040\000P\000a\000r\000a\000m\000e\000t\000e\000r\000\040\000C\000h\000o\000i\000c\000e\000\040\000i\000n\000\040\000E\000E\000G\000-\000b\000a\000s\000e\000d\000\040\000c\000l\000a\000s\000s\000i\000f\000i\000c\000a\000t\000i\000o\000n\000\040\000p\000i\000p\000e\000l\000i\000n\000e\000s}{chapter.2}% 20
\BOOKMARK [1][-]{section.2.9}{\376\377\000D\000e\000f\000a\000u\000l\000t\000\040\000L\000a\000b\000e\000l\000i\000n\000g\000\040\000P\000a\000r\000a\000m\000e\000t\000e\000r\000\040\000S\000e\000l\000e\000c\000t\000i\000o\000n}{chapter.2}% 21
\BOOKMARK [1][-]{section.2.10}{\376\377\000C\000l\000a\000s\000s\000\040\000S\000e\000p\000a\000r\000a\000t\000i\000o\000n\000\040\000M\000e\000t\000r\000i\000c}{chapter.2}% 22
\BOOKMARK [1][-]{section.2.11}{\376\377\000P\000e\000a\000k\000\040\000F\000r\000e\000q\000u\000e\000n\000c\000y\000\040\000a\000s\000\040\000a\000\040\000T\000i\000m\000e\000-\000D\000o\000m\000a\000i\000n\000\040\000F\000r\000e\000q\000u\000e\000n\000c\000y\000\040\000E\000s\000t\000i\000m\000a\000t\000o\000r}{chapter.2}% 23
\BOOKMARK [1][-]{section.2.12}{\376\377\000E\000M\000G\000\040\000A\000r\000t\000i\000f\000a\000c\000t\000s\000\040\000i\000n\000\040\000E\000E\000G}{chapter.2}% 24
\BOOKMARK [1][-]{section.2.13}{\376\377\000D\000e\000l\000t\000a\000-\000B\000a\000n\000d\000\040\000F\000u\000n\000c\000t\000i\000o\000n\000\040\000i\000n\000\040\000A\000w\000a\000k\000e\000\040\000C\000o\000g\000n\000i\000t\000i\000o\000n}{chapter.2}% 25
\BOOKMARK [2][-]{subsection.2.13.1}{\376\377\000N\000o\000t\000c\000h\000\040\000F\000i\000l\000t\000e\000r\000i\000n\000g\000\040\000a\000n\000d\000\040\000t\000h\000e\000\040\000H\000i\000g\000h\000-\000G\000a\000m\000m\000a\000\040\000B\000a\000n\000d}{section.2.13}% 26
\BOOKMARK [2][-]{subsection.2.13.2}{\376\377\000P\000r\000e\000-\000M\000o\000t\000o\000r\000\040\000W\000i\000n\000d\000o\000w\000\040\000a\000n\000d\000\040\000t\000h\000e\000\040\000L\000i\000m\000i\000t\000s\000\040\000o\000f\000\040\000t\000h\000e\000\040\000B\000P\000\040\000L\000i\000t\000e\000r\000a\000t\000u\000r\000e}{section.2.13}% 27
\BOOKMARK [0][-]{chapter.3}{\376\377\000M\000a\000t\000e\000r\000i\000a\000l\000s\000\040\000a\000n\000d\000\040\000M\000e\000t\000h\000o\000d\000s}{}% 28
\BOOKMARK [1][-]{section.3.1}{\376\377\000P\000a\000r\000t\000i\000c\000i\000p\000a\000n\000t\000s}{chapter.3}% 29
\BOOKMARK [1][-]{section.3.2}{\376\377\000D\000a\000t\000a\000\040\000A\000c\000q\000u\000i\000s\000i\000t\000i\000o\000n}{chapter.3}% 30
\BOOKMARK [1][-]{section.3.3}{\376\377\000E\000x\000p\000e\000r\000i\000m\000e\000n\000t\000a\000l\000\040\000P\000r\000o\000t\000o\000c\000o\000l}{chapter.3}% 31
\BOOKMARK [1][-]{section.3.4}{\376\377\000L\000a\000b\000e\000l\000i\000n\000g\000\040\000S\000t\000r\000a\000t\000e\000g\000y}{chapter.3}% 32
\BOOKMARK [2][-]{subsection.3.4.1}{\376\377\000O\000p\000e\000r\000a\000t\000i\000o\000n\000a\000l\000\040\000D\000e\000f\000i\000n\000i\000t\000i\000o\000n\000\040\000o\000f\000\040\000L\000a\000b\000e\000l\000i\000n\000g\000\040\000P\000a\000r\000a\000m\000e\000t\000e\000r\000s}{section.3.4}% 33
\BOOKMARK [2][-]{subsection.3.4.2}{\376\377\000O\000p\000e\000r\000a\000t\000i\000o\000n\000a\000l\000\040\000D\000e\000f\000i\000n\000i\000t\000i\000o\000n\000\040\000o\000f\000\040\000S\000T\000A\000Y\000\040\000a\000n\000d\000\040\000S\000K\000I\000P}{section.3.4}% 34
\BOOKMARK [2][-]{subsection.3.4.3}{\376\377\000B\000a\000s\000e\000l\000i\000n\000e\000\040\000E\000x\000c\000l\000u\000s\000i\000o\000n}{section.3.4}% 35
\BOOKMARK [2][-]{subsection.3.4.4}{\376\377\000P\000a\000r\000a\000m\000e\000t\000e\000r\000\040\000S\000e\000n\000s\000i\000t\000i\000v\000i\000t\000y\000\040\000A\000n\000a\000l\000y\000s\000i\000s}{section.3.4}% 36
\BOOKMARK [2][-]{subsection.3.4.5}{\376\377\000C\000l\000a\000s\000s\000\040\000S\000e\000p\000a\000r\000a\000t\000i\000o\000n\000\040\000M\000e\000t\000r\000i\000c}{section.3.4}% 37
\BOOKMARK [1][-]{section.3.5}{\376\377\000U\000n\000i\000v\000e\000r\000s\000a\000l\000\040\000R\000e\000c\000o\000r\000d\000i\000n\000g\000\040\000P\000i\000p\000e\000l\000i\000n\000e}{chapter.3}% 38
\BOOKMARK [1][-]{section.3.6}{\376\377\000U\000n\000i\000v\000e\000r\000s\000a\000l\000\040\000P\000r\000e\000-\000P\000r\000o\000c\000e\000s\000s\000i\000n\000g\000\040\000P\000i\000p\000e\000l\000i\000n\000e}{chapter.3}% 39
\BOOKMARK [2][-]{subsection.3.6.1}{\376\377\000D\000a\000t\000a\000\040\000S\000y\000n\000c\000h\000r\000o\000n\000i\000z\000a\000t\000i\000o\000n\000\040\000a\000n\000d\000\040\000I\000n\000t\000e\000r\000p\000o\000l\000a\000t\000i\000o\000n}{section.3.6}% 40
\BOOKMARK [2][-]{subsection.3.6.2}{\376\377\000B\000a\000s\000e\000l\000i\000n\000e\000\040\000E\000x\000t\000r\000a\000c\000t\000i\000o\000n\000\040\000a\000n\000d\000\040\000N\000o\000r\000m\000a\000l\000i\000z\000a\000t\000i\000o\000n}{section.3.6}% 41
\BOOKMARK [2][-]{subsection.3.6.3}{\376\377\000W\000i\000n\000d\000o\000w\000i\000n\000g\000\040\000a\000n\000d\000\040\000C\000l\000a\000s\000s\000\040\000L\000a\000b\000e\000l\000i\000n\000g}{section.3.6}% 42
\BOOKMARK [2][-]{subsection.3.6.4}{\376\377\000A\000r\000t\000i\000f\000a\000c\000t\000\040\000A\000n\000a\000l\000y\000s\000i\000s}{section.3.6}% 43
\BOOKMARK [2][-]{subsection.3.6.5}{\376\377\000B\000e\000h\000a\000v\000i\000o\000r\000a\000l\000\040\000B\000u\000r\000s\000t\000\040\000A\000n\000a\000l\000y\000s\000i\000s}{section.3.6}% 44
\BOOKMARK [1][-]{section.3.7}{\376\377\000F\000e\000a\000t\000u\000r\000e\000\040\000E\000n\000g\000i\000n\000e\000e\000r\000i\000n\000g}{chapter.3}% 45
\BOOKMARK [2][-]{subsection.3.7.1}{\376\377\000B\000a\000n\000d\000\040\000P\000o\000w\000e\000r\000\040\000a\000n\000d\000\040\000S\000t\000a\000t\000i\000s\000t\000i\000c\000a\000l\000\040\000M\000o\000m\000e\000n\000t\000s}{section.3.7}% 46
\BOOKMARK [2][-]{subsection.3.7.2}{\376\377\000E\000n\000g\000a\000g\000e\000m\000e\000n\000t\000\040\000I\000n\000d\000e\000x\000\040\000C\000a\000l\000c\000u\000l\000a\000t\000i\000o\000n}{section.3.7}% 47
\BOOKMARK [2][-]{subsection.3.7.3}{\376\377\000H\000j\000o\000r\000t\000h\000\040\000P\000a\000r\000a\000m\000e\000t\000e\000r\000s}{section.3.7}% 48
\BOOKMARK [2][-]{subsection.3.7.4}{\376\377\000P\000e\000a\000k\000\040\000a\000n\000d\000\040\000M\000a\000c\000r\000o\000\040\000F\000r\000e\000q\000u\000e\000n\000c\000y\000\040\000E\000x\000t\000r\000a\000c\000t\000i\000o\000n}{section.3.7}% 49
\BOOKMARK [2][-]{subsection.3.7.5}{\376\377\000R\000a\000w\000\040\000B\000r\000o\000a\000d\000b\000a\000n\000d\000\040\000F\000e\000a\000t\000u\000r\000e\000s}{section.3.7}% 50
\BOOKMARK [2][-]{subsection.3.7.6}{\376\377\000R\000e\000s\000u\000l\000t\000i\000n\000g\000\040\000F\000e\000a\000t\000u\000r\000e\000\040\000S\000p\000a\000c\000e}{section.3.7}% 51
\BOOKMARK [1][-]{section.3.8}{\376\377\000R\000e\000s\000u\000l\000t\000\040\000S\000y\000n\000t\000h\000e\000s\000i\000s\000\040\000P\000i\000p\000e\000l\000i\000n\000e}{chapter.3}% 52
\BOOKMARK [2][-]{subsection.3.8.1}{\376\377\000T\000e\000m\000p\000o\000r\000a\000l\000\040\000C\000r\000o\000s\000s\000-\000V\000a\000l\000i\000d\000a\000t\000i\000o\000n\000\040\000a\000n\000d\000\040\000D\000a\000t\000a\000\040\000B\000a\000l\000a\000n\000c\000i\000n\000g}{section.3.8}% 53
\BOOKMARK [2][-]{subsection.3.8.2}{\376\377\000F\000e\000a\000t\000u\000r\000e\000\040\000S\000e\000p\000a\000r\000a\000t\000i\000o\000n\000\040\000A\000n\000a\000l\000y\000s\000i\000s}{section.3.8}% 54
\BOOKMARK [2][-]{subsection.3.8.3}{\376\377\000L\000o\000g\000i\000s\000t\000i\000c\000\040\000R\000e\000g\000r\000e\000s\000s\000i\000o\000n\000\040\000M\000o\000d\000e\000l\000i\000n\000g\000\040\000a\000n\000d\000\040\000B\000a\000s\000e\000l\000i\000n\000e\000s}{section.3.8}% 55
\BOOKMARK [2][-]{subsection.3.8.4}{\376\377\000M\000e\000t\000r\000i\000c\000s\000\040\000a\000n\000d\000\040\000S\000i\000g\000n\000i\000f\000i\000c\000a\000n\000c\000e\000\040\000T\000e\000s\000t\000i\000n\000g}{section.3.8}% 56
\BOOKMARK [0][-]{chapter.4}{\376\377\000R\000e\000s\000u\000l\000t\000s\000\040\000a\000n\000d\000\040\000D\000i\000s\000c\000u\000s\000s\000i\000o\000n}{}% 57
\BOOKMARK [1][-]{section.4.1}{\376\377\000K\000e\000y\000\040\000F\000i\000n\000d\000i\000n\000g\000s\000\040\000f\000r\000o\000m\000\040\000t\000h\000e\000\040\000E\000x\000p\000e\000r\000i\000m\000e\000n\000t\000a\000l\000\040\000P\000a\000r\000a\000d\000i\000g\000m}{chapter.4}% 58
\BOOKMARK [1][-]{section.4.2}{\376\377\000T\000h\000e\000\040\000R\000e\000u\000s\000a\000b\000l\000e\000\040\000M\000e\000t\000h\000o\000d\000o\000l\000o\000g\000i\000c\000a\000l\000\040\000P\000i\000p\000e\000l\000i\000n\000e}{chapter.4}% 59
\BOOKMARK [1][-]{section.4.3}{\376\377\000B\000e\000h\000a\000v\000i\000o\000r\000a\000l\000\040\000S\000w\000i\000p\000e\000-\000B\000u\000r\000s\000t\000\040\000P\000h\000e\000n\000o\000m\000e\000n\000o\000n}{chapter.4}% 60
\BOOKMARK [1][-]{section.4.4}{\376\377\000T\000h\000e\000\040\000E\000n\000g\000a\000g\000e\000m\000e\000n\000t\000\040\000I\000n\000d\000e\000x\000'\000s\000\040\000S\000w\000i\000p\000e\000-\000P\000r\000e\000d\000i\000c\000t\000i\000o\000n\000\040\000P\000e\000r\000f\000o\000r\000m\000a\000n\000c\000e}{chapter.4}% 61
\BOOKMARK [2][-]{subsection.4.4.1}{\376\377\000F\000e\000a\000t\000u\000r\000e\000\040\000I\000m\000p\000o\000r\000t\000a\000n\000c\000e\000\040\000a\000n\000d\000\040\000N\000e\000u\000r\000o\000p\000h\000y\000s\000i\000o\000l\000o\000g\000i\000c\000a\000l\000\040\000C\000o\000r\000r\000e\000l\000a\000t\000e\000s}{section.4.4}% 62
\BOOKMARK [2][-]{subsection.4.4.2}{\376\377\000E\000n\000g\000a\000g\000e\000m\000e\000n\000t\000\040\000I\000n\000d\000e\000x\000\040\000M\000o\000d\000e\000l\000\040\000P\000e\000r\000f\000o\000r\000m\000a\000n\000c\000e\000\040\000a\000n\000d\000\040\000B\000e\000n\000c\000h\000m\000a\000r\000k\000\040\000C\000o\000m\000p\000a\000r\000i\000s\000o\000n}{section.4.4}% 63
\BOOKMARK [2][-]{subsection.4.4.3}{\376\377\000A\000l\000t\000e\000r\000n\000a\000t\000i\000v\000e\000\040\000I\000n\000d\000e\000x\000\040\000E\000x\000p\000l\000o\000r\000a\000t\000i\000o\000n}{section.4.4}% 64
\BOOKMARK [1][-]{section.4.5}{\376\377\000D\000i\000s\000c\000u\000s\000s\000i\000o\000n}{chapter.4}% 65
\BOOKMARK [2][-]{subsection.4.5.1}{\376\377\000N\000e\000u\000r\000o\000s\000c\000i\000e\000n\000c\000e}{section.4.5}% 66
\BOOKMARK [2][-]{subsection.4.5.2}{\376\377\000P\000s\000y\000c\000h\000o\000l\000o\000g\000y}{section.4.5}% 67
\BOOKMARK [2][-]{subsection.4.5.3}{\376\377\000B\000e\000h\000a\000v\000i\000o\000u\000r}{section.4.5}% 68
\BOOKMARK [2][-]{subsection.4.5.4}{\376\377\000A\000p\000p\000l\000i\000c\000a\000t\000i\000o\000n}{section.4.5}% 69
\BOOKMARK [0][-]{chapter.5}{\376\377\000A\000\040\000G\000e\000n\000e\000r\000a\000l\000\040\000D\000e\000f\000i\000n\000i\000t\000i\000o\000n\000\040\000o\000f\000\040\000E\000n\000g\000a\000g\000e\000m\000e\000n\000t}{}% 70
\BOOKMARK [1][-]{section.5.1}{\376\377\000W\000h\000a\000t\000\040\000t\000h\000e\000\040\000R\000e\000s\000u\000l\000t\000s\000\040\000R\000u\000l\000e\000\040\000O\000u\000t}{chapter.5}% 71
\BOOKMARK [1][-]{section.5.2}{\376\377\000T\000h\000e\000\040\000D\000e\000f\000i\000n\000i\000t\000i\000o\000n}{chapter.5}% 72
\BOOKMARK [1][-]{section.5.3}{\376\377\000W\000h\000a\000t\000\040\000F\000o\000l\000l\000o\000w\000s\000\040\000f\000o\000r\000\040\000M\000e\000a\000s\000u\000r\000e\000m\000e\000n\000t}{chapter.5}% 73
\BOOKMARK [1][-]{section.5.4}{\376\377\000B\000r\000i\000d\000g\000e\000:\000\040\000F\000r\000o\000m\000\040\000P\000h\000y\000s\000i\000o\000l\000o\000g\000y\000\040\000t\000o\000\040\000F\000i\000e\000l\000d\000\040\000M\000e\000a\000s\000u\000r\000e\000m\000e\000n\000t}{chapter.5}% 74
\BOOKMARK [1][-]{section.5.5}{\376\377\000H\000o\000w\000\040\000T\000h\000i\000s\000\040\000D\000e\000f\000i\000n\000i\000t\000i\000o\000n\000\040\000C\000o\000u\000l\000d\000\040\000B\000e\000\040\000W\000r\000o\000n\000g}{chapter.5}% 75
\BOOKMARK [1][-]{section.5.6}{\376\377\000S\000c\000o\000p\000e\000\040\000o\000f\000\040\000t\000h\000e\000\040\000C\000l\000a\000i\000m}{chapter.5}% 76
\BOOKMARK [0][-]{chapter.6}{\376\377\000C\000o\000n\000c\000l\000u\000s\000i\000o\000n\000\040\000a\000n\000d\000\040\000F\000u\000t\000u\000r\000e\000\040\000R\000e\000s\000e\000a\000r\000c\000h}{}% 77
\BOOKMARK [1][-]{section.6.1}{\376\377\000C\000o\000n\000c\000l\000u\000s\000i\000o\000n}{chapter.6}% 78
\BOOKMARK [1][-]{section.6.2}{\376\377\000F\000u\000t\000u\000r\000e\000\040\000R\000e\000s\000e\000a\000r\000c\000h}{chapter.6}% 79
\BOOKMARK [0][-]{chapter.7}{\376\377\000P\000l\000a\000i\000n\000-\000L\000a\000n\000g\000u\000a\000g\000e\000\040\000S\000u\000m\000m\000a\000r\000y\000:\000\040\000C\000o\000m\000m\000o\000n\000\040\000Q\000u\000e\000s\000t\000i\000o\000n\000s}{}% 80
\BOOKMARK [0][-]{chapter*.36}{\376\377\000B\000i\000b\000l\000i\000o\000g\000r\000a\000p\000h\000y}{}% 81
